START verify-debug
PASS verify-debug
START verify-release-safe
PASS verify-release-safe
START build-release-safe
PASS build-release-safe
START comparator-receipts
PASS comparator-receipts
START arena_lifecycle_integration
PASS arena_lifecycle_integration
START batch_integration
PASS batch_integration
START gather_integration
PASS gather_integration
START inline_integration
PASS inline_integration
START integration
PASS integration
START windows-shards-integration
PASS windows-shards-integration
START smoke
PASS smoke
